2026-09-27 18:30:36,946 | INFO | ============================================================
2026-09-27 18:30:36,946 | INFO | 🚀 Project A: E-Commerce Full ETL Pipeline
2026-09-27 18:30:36,947 | INFO | ============================================================
2026-09-27 18:30:36,947 | INFO | Extract [1/3] Orders CSV...
2026-09-27 18:30:37,015 | INFO |   ✅ Orders: 300 rows, ['order_id', 'customer_id', 'product_id', 'quantity', 'unit_price', 'status', 'channel', 'order_date', 'category']
2026-09-27 18:30:37,015 | INFO | Extract [2/3] Customers API...
2026-09-27 18:30:38,748 | WARNING |   ⚠️  API failed: ('Connection aborted.', ConnectionResetError(10054, 'An existing connection was forcibly closed by the remote host', None, 10054, None)) — using fallback
2026-09-27 18:30:38,750 | INFO | Extract [3/3] Products Scraping...
2026-09-27 18:30:42,329 | INFO |   ✅ Products: 30 scraped
2026-09-27 18:30:42,330 | INFO | Transform: cleaning and merging...
2026-09-27 18:30:42,382 | INFO |   ⚠️  113 rows rejected → rejected_rows.csv
2026-09-27 18:30:42,382 | INFO |   ✅ Transform done: 187 clean rows
2026-09-27 18:30:42,383 | INFO | Load: building Star Schema in SQLite...
2026-09-27 18:30:42,499 | INFO |   ✅ fact_orders: 187 rows
2026-09-27 18:30:42,500 | INFO |   ✅ dim_customers: 50 rows
2026-09-27 18:30:42,500 | INFO |   ✅ dim_products: 30 rows
2026-09-27 18:30:42,500 | INFO |   ✅ dim_time: 111 rows
2026-09-27 18:30:42,501 | INFO |   ✅ dim_channels: 4 rows
2026-09-27 18:30:42,502 | INFO | Quality: generating report...
2026-09-27 18:30:42,519 | INFO |   ✅ Quality report saved
2026-09-27 18:30:42,520 | INFO | Output: generating HTML summary...
2026-09-27 18:30:42,522 | INFO |   ✅ HTML summary saved → output/summary.html
2026-09-27 18:30:42,522 | INFO | 
✅ Pipeline finished in 5s
2026-09-27 18:30:42,523 | INFO |    DB      → data/ecommerce.db
2026-09-27 18:30:42,523 | INFO |    Report  → output/summary.html
2026-09-27 18:30:42,524 | INFO |    Quality → output/quality_report.json
